// Jest Snapshot v1, https://goo.gl/fbAQLP

exports[`parses an env config object 1`] = `
{
  "GC_DEMO_MODE": true,
  "GC_STOREFRONT": [
    {
      "defaultLocale": true,
      "hygraphLocales": [
        "en",
      ],
      "locale": "en",
      "magentoStoreCode": "en_us",
    },
  ],
  "GC_STOREFRONT_0_DEFAULT_LOCALE": true,
  "GC_STOREFRONT_0_HYGRAPH_LOCALES_0": "en",
  "GC_STOREFRONT_0_LOCALE": "en",
  "GC_STOREFRONT_0_MAGENTO_STORE_CODE": "en_us",
  "GC_STOREFRONT_1_HYGRAPH_LOCALES_0": "de",
  "GC_STOREFRONT_1_LOCALE": "de",
  "GC_STOREFRONT_1_MAGENTO_STORE_CODE": "de_de",
}
`;

exports[`traverses a schema and returns a list of env variables that match 1`] = `
[
  "GC_BREADCRUMBS",
  "GC_CANONICAL_BASE_URL",
  "GC_CART_DISPLAY_PRICES_INCL_TAX",
  "GC_COMPARE",
  "GC_COMPARE_VARIANT",
  "GC_CONFIGURABLE_VARIANT_FOR_SIMPLE",
  "GC_CONFIGURABLE_VARIANT_VALUES",
  "GC_CONFIGURABLE_VARIANT_VALUES_CONTENT",
  "GC_CONFIGURABLE_VARIANT_VALUES_GALLERY",
  "GC_CONFIGURABLE_VARIANT_VALUES_URL",
  "GC_CONTAINER_SIZING_CONTENT",
  "GC_CONTAINER_SIZING_SHELL",
  "GC_CROSS_SELLS_HIDE_CART_ITEMS",
  "GC_CROSS_SELLS_REDIRECT_ITEMS",
  "GC_CUSTOMER_ADDRESS_NOTE_ENABLE",
  "GC_CUSTOMER_COMPANY_FIELDS_ENABLE",
  "GC_CUSTOMER_DELETE_ENABLED",
  "GC_CUSTOMER_X_MAGENTO_CACHE_ID_DISABLE",
  "GC_DATA_LAYER",
  "GC_DATA_LAYER_CORE_WEB_VITALS",
  "GC_DEBUG",
  "GC_DEBUG_PLUGIN_STATUS",
  "GC_DEBUG_SESSIONS",
  "GC_DEBUG_WEBPACK_CIRCULAR_DEPENDENCY_PLUGIN",
  "GC_DEBUG_WEBPACK_DUPLICATES_PLUGIN",
  "GC_DEMO_MODE",
  "GC_ENABLE_GUEST_CHECKOUT_LOGIN",
  "GC_GOOGLE_ANALYTICS_ID",
  "GC_GOOGLE_PLAYSTORE",
  "GC_GOOGLE_PLAYSTORE_PACKAGE_NAME",
  "GC_GOOGLE_PLAYSTORE_SHA256CERTIFICATE_FINGERPRINT",
  "GC_GOOGLE_RECAPTCHA_KEY",
  "GC_GOOGLE_TAGMANAGER_ID",
  "GC_HYGRAPH_ENDPOINT",
  "GC_HYGRAPH_MANAGEMENT_API",
  "GC_HYGRAPH_PROJECT_ID",
  "GC_HYGRAPH_WRITE_ACCESS_TOKEN",
  "GC_LIMIT_SSG",
  "GC_MAGENTO_ENDPOINT",
  "GC_MAGENTO_VERSION",
  "GC_PERMISSIONS",
  "GC_PERMISSIONS_CART",
  "GC_PERMISSIONS_CHECKOUT",
  "GC_PERMISSIONS_CUSTOMER_ACCOUNT",
  "GC_PERMISSIONS_WEBSITE",
  "GC_PREVIEW_SECRET",
  "GC_PRODUCT_FILTERS_LAYOUT",
  "GC_PRODUCT_FILTERS_PRO",
  "GC_PRODUCT_LIST_PAGINATION_VARIANT",
  "GC_PRODUCT_ROUTE",
  "GC_RECENTLY_VIEWED_PRODUCTS",
  "GC_RECENTLY_VIEWED_PRODUCTS_ENABLED",
  "GC_RECENTLY_VIEWED_PRODUCTS_MAX_COUNT",
  "GC_ROBOTS_ALLOW",
  "GC_SIDEBAR_GALLERY",
  "GC_SIDEBAR_GALLERY_PAGINATION_VARIANT",
  "GC_STOREFRONT",
  "GC_STOREFRONT_0",
  "GC_STOREFRONT_0_CANONICAL_BASE_URL",
  "GC_STOREFRONT_0_CART_DISPLAY_PRICES_INCL_TAX",
  "GC_STOREFRONT_0_CUSTOMER_COMPANY_FIELDS_ENABLE",
  "GC_STOREFRONT_0_DEFAULT_LOCALE",
  "GC_STOREFRONT_0_DOMAIN",
  "GC_STOREFRONT_0_GOOGLE_ANALYTICS_ID",
  "GC_STOREFRONT_0_GOOGLE_RECAPTCHA_KEY",
  "GC_STOREFRONT_0_GOOGLE_TAGMANAGER_ID",
  "GC_STOREFRONT_0_HYGRAPH_LOCALES",
  "GC_STOREFRONT_0_HYGRAPH_LOCALES_0",
  "GC_STOREFRONT_0_HYGRAPH_LOCALES_1",
  "GC_STOREFRONT_0_HYGRAPH_LOCALES_2",
  "GC_STOREFRONT_0_HYGRAPH_LOCALES_3",
  "GC_STOREFRONT_0_HYGRAPH_LOCALES_4",
  "GC_STOREFRONT_0_HYGRAPH_LOCALES_5",
  "GC_STOREFRONT_0_HYGRAPH_LOCALES_6",
  "GC_STOREFRONT_0_HYGRAPH_LOCALES_7",
  "GC_STOREFRONT_0_HYGRAPH_LOCALES_8",
  "GC_STOREFRONT_0_HYGRAPH_LOCALES_9",
  "GC_STOREFRONT_0_HYGRAPH_LOCALES_10",
  "GC_STOREFRONT_0_HYGRAPH_LOCALES_11",
  "GC_STOREFRONT_0_HYGRAPH_LOCALES_12",
  "GC_STOREFRONT_0_HYGRAPH_LOCALES_13",
  "GC_STOREFRONT_0_HYGRAPH_LOCALES_14",
  "GC_STOREFRONT_0_HYGRAPH_LOCALES_15",
  "GC_STOREFRONT_0_HYGRAPH_LOCALES_16",
  "GC_STOREFRONT_0_HYGRAPH_LOCALES_17",
  "GC_STOREFRONT_0_HYGRAPH_LOCALES_18",
  "GC_STOREFRONT_0_HYGRAPH_LOCALES_19",
  "GC_STOREFRONT_0_HYGRAPH_LOCALES_20",
  "GC_STOREFRONT_0_LINGUI_LOCALE",
  "GC_STOREFRONT_0_LOCALE",
  "GC_STOREFRONT_0_MAGENTO_STORE_CODE",
  "GC_STOREFRONT_0_PERMISSIONS",
  "GC_STOREFRONT_0_PERMISSIONS_CART",
  "GC_STOREFRONT_0_PERMISSIONS_CHECKOUT",
  "GC_STOREFRONT_0_PERMISSIONS_CUSTOMER_ACCOUNT",
  "GC_STOREFRONT_0_PERMISSIONS_WEBSITE",
  "GC_STOREFRONT_0_ROBOTS_ALLOW",
  "GC_STOREFRONT_1",
  "GC_STOREFRONT_1_CANONICAL_BASE_URL",
  "GC_STOREFRONT_1_CART_DISPLAY_PRICES_INCL_TAX",
  "GC_STOREFRONT_1_CUSTOMER_COMPANY_FIELDS_ENABLE",
  "GC_STOREFRONT_1_DEFAULT_LOCALE",
  "GC_STOREFRONT_1_DOMAIN",
  "GC_STOREFRONT_1_GOOGLE_ANALYTICS_ID",
  "GC_STOREFRONT_1_GOOGLE_RECAPTCHA_KEY",
  "GC_STOREFRONT_1_GOOGLE_TAGMANAGER_ID",
  "GC_STOREFRONT_1_HYGRAPH_LOCALES",
  "GC_STOREFRONT_1_HYGRAPH_LOCALES_0",
  "GC_STOREFRONT_1_HYGRAPH_LOCALES_1",
  "GC_STOREFRONT_1_HYGRAPH_LOCALES_2",
  "GC_STOREFRONT_1_HYGRAPH_LOCALES_3",
  "GC_STOREFRONT_1_HYGRAPH_LOCALES_4",
  "GC_STOREFRONT_1_HYGRAPH_LOCALES_5",
  "GC_STOREFRONT_1_HYGRAPH_LOCALES_6",
  "GC_STOREFRONT_1_HYGRAPH_LOCALES_7",
  "GC_STOREFRONT_1_HYGRAPH_LOCALES_8",
  "GC_STOREFRONT_1_HYGRAPH_LOCALES_9",
  "GC_STOREFRONT_1_HYGRAPH_LOCALES_10",
  "GC_STOREFRONT_1_HYGRAPH_LOCALES_11",
  "GC_STOREFRONT_1_HYGRAPH_LOCALES_12",
  "GC_STOREFRONT_1_HYGRAPH_LOCALES_13",
  "GC_STOREFRONT_1_HYGRAPH_LOCALES_14",
  "GC_STOREFRONT_1_HYGRAPH_LOCALES_15",
  "GC_STOREFRONT_1_HYGRAPH_LOCALES_16",
  "GC_STOREFRONT_1_HYGRAPH_LOCALES_17",
  "GC_STOREFRONT_1_HYGRAPH_LOCALES_18",
  "GC_STOREFRONT_1_HYGRAPH_LOCALES_19",
  "GC_STOREFRONT_1_HYGRAPH_LOCALES_20",
  "GC_STOREFRONT_1_LINGUI_LOCALE",
  "GC_STOREFRONT_1_LOCALE",
  "GC_STOREFRONT_1_MAGENTO_STORE_CODE",
  "GC_STOREFRONT_1_PERMISSIONS",
  "GC_STOREFRONT_1_PERMISSIONS_CART",
  "GC_STOREFRONT_1_PERMISSIONS_CHECKOUT",
  "GC_STOREFRONT_1_PERMISSIONS_CUSTOMER_ACCOUNT",
  "GC_STOREFRONT_1_PERMISSIONS_WEBSITE",
  "GC_STOREFRONT_1_ROBOTS_ALLOW",
  "GC_STOREFRONT_2",
  "GC_STOREFRONT_2_CANONICAL_BASE_URL",
  "GC_STOREFRONT_2_CART_DISPLAY_PRICES_INCL_TAX",
  "GC_STOREFRONT_2_CUSTOMER_COMPANY_FIELDS_ENABLE",
  "GC_STOREFRONT_2_DEFAULT_LOCALE",
  "GC_STOREFRONT_2_DOMAIN",
  "GC_STOREFRONT_2_GOOGLE_ANALYTICS_ID",
  "GC_STOREFRONT_2_GOOGLE_RECAPTCHA_KEY",
  "GC_STOREFRONT_2_GOOGLE_TAGMANAGER_ID",
  "GC_STOREFRONT_2_HYGRAPH_LOCALES",
  "GC_STOREFRONT_2_HYGRAPH_LOCALES_0",
  "GC_STOREFRONT_2_HYGRAPH_LOCALES_1",
  "GC_STOREFRONT_2_HYGRAPH_LOCALES_2",
  "GC_STOREFRONT_2_HYGRAPH_LOCALES_3",
  "GC_STOREFRONT_2_HYGRAPH_LOCALES_4",
  "GC_STOREFRONT_2_HYGRAPH_LOCALES_5",
  "GC_STOREFRONT_2_HYGRAPH_LOCALES_6",
  "GC_STOREFRONT_2_HYGRAPH_LOCALES_7",
  "GC_STOREFRONT_2_HYGRAPH_LOCALES_8",
  "GC_STOREFRONT_2_HYGRAPH_LOCALES_9",
  "GC_STOREFRONT_2_HYGRAPH_LOCALES_10",
  "GC_STOREFRONT_2_HYGRAPH_LOCALES_11",
  "GC_STOREFRONT_2_HYGRAPH_LOCALES_12",
  "GC_STOREFRONT_2_HYGRAPH_LOCALES_13",
  "GC_STOREFRONT_2_HYGRAPH_LOCALES_14",
  "GC_STOREFRONT_2_HYGRAPH_LOCALES_15",
  "GC_STOREFRONT_2_HYGRAPH_LOCALES_16",
  "GC_STOREFRONT_2_HYGRAPH_LOCALES_17",
  "GC_STOREFRONT_2_HYGRAPH_LOCALES_18",
  "GC_STOREFRONT_2_HYGRAPH_LOCALES_19",
  "GC_STOREFRONT_2_HYGRAPH_LOCALES_20",
  "GC_STOREFRONT_2_LINGUI_LOCALE",
  "GC_STOREFRONT_2_LOCALE",
  "GC_STOREFRONT_2_MAGENTO_STORE_CODE",
  "GC_STOREFRONT_2_PERMISSIONS",
  "GC_STOREFRONT_2_PERMISSIONS_CART",
  "GC_STOREFRONT_2_PERMISSIONS_CHECKOUT",
  "GC_STOREFRONT_2_PERMISSIONS_CUSTOMER_ACCOUNT",
  "GC_STOREFRONT_2_PERMISSIONS_WEBSITE",
  "GC_STOREFRONT_2_ROBOTS_ALLOW",
  "GC_STOREFRONT_3",
  "GC_STOREFRONT_3_CANONICAL_BASE_URL",
  "GC_STOREFRONT_3_CART_DISPLAY_PRICES_INCL_TAX",
  "GC_STOREFRONT_3_CUSTOMER_COMPANY_FIELDS_ENABLE",
  "GC_STOREFRONT_3_DEFAULT_LOCALE",
  "GC_STOREFRONT_3_DOMAIN",
  "GC_STOREFRONT_3_GOOGLE_ANALYTICS_ID",
  "GC_STOREFRONT_3_GOOGLE_RECAPTCHA_KEY",
  "GC_STOREFRONT_3_GOOGLE_TAGMANAGER_ID",
  "GC_STOREFRONT_3_HYGRAPH_LOCALES",
  "GC_STOREFRONT_3_HYGRAPH_LOCALES_0",
  "GC_STOREFRONT_3_HYGRAPH_LOCALES_1",
  "GC_STOREFRONT_3_HYGRAPH_LOCALES_2",
  "GC_STOREFRONT_3_HYGRAPH_LOCALES_3",
  "GC_STOREFRONT_3_HYGRAPH_LOCALES_4",
  "GC_STOREFRONT_3_HYGRAPH_LOCALES_5",
  "GC_STOREFRONT_3_HYGRAPH_LOCALES_6",
  "GC_STOREFRONT_3_HYGRAPH_LOCALES_7",
  "GC_STOREFRONT_3_HYGRAPH_LOCALES_8",
  "GC_STOREFRONT_3_HYGRAPH_LOCALES_9",
  "GC_STOREFRONT_3_HYGRAPH_LOCALES_10",
  "GC_STOREFRONT_3_HYGRAPH_LOCALES_11",
  "GC_STOREFRONT_3_HYGRAPH_LOCALES_12",
  "GC_STOREFRONT_3_HYGRAPH_LOCALES_13",
  "GC_STOREFRONT_3_HYGRAPH_LOCALES_14",
  "GC_STOREFRONT_3_HYGRAPH_LOCALES_15",
  "GC_STOREFRONT_3_HYGRAPH_LOCALES_16",
  "GC_STOREFRONT_3_HYGRAPH_LOCALES_17",
  "GC_STOREFRONT_3_HYGRAPH_LOCALES_18",
  "GC_STOREFRONT_3_HYGRAPH_LOCALES_19",
  "GC_STOREFRONT_3_HYGRAPH_LOCALES_20",
  "GC_STOREFRONT_3_LINGUI_LOCALE",
  "GC_STOREFRONT_3_LOCALE",
  "GC_STOREFRONT_3_MAGENTO_STORE_CODE",
  "GC_STOREFRONT_3_PERMISSIONS",
  "GC_STOREFRONT_3_PERMISSIONS_CART",
  "GC_STOREFRONT_3_PERMISSIONS_CHECKOUT",
  "GC_STOREFRONT_3_PERMISSIONS_CUSTOMER_ACCOUNT",
  "GC_STOREFRONT_3_PERMISSIONS_WEBSITE",
  "GC_STOREFRONT_3_ROBOTS_ALLOW",
  "GC_STOREFRONT_4",
  "GC_STOREFRONT_4_CANONICAL_BASE_URL",
  "GC_STOREFRONT_4_CART_DISPLAY_PRICES_INCL_TAX",
  "GC_STOREFRONT_4_CUSTOMER_COMPANY_FIELDS_ENABLE",
  "GC_STOREFRONT_4_DEFAULT_LOCALE",
  "GC_STOREFRONT_4_DOMAIN",
  "GC_STOREFRONT_4_GOOGLE_ANALYTICS_ID",
  "GC_STOREFRONT_4_GOOGLE_RECAPTCHA_KEY",
  "GC_STOREFRONT_4_GOOGLE_TAGMANAGER_ID",
  "GC_STOREFRONT_4_HYGRAPH_LOCALES",
  "GC_STOREFRONT_4_HYGRAPH_LOCALES_0",
  "GC_STOREFRONT_4_HYGRAPH_LOCALES_1",
  "GC_STOREFRONT_4_HYGRAPH_LOCALES_2",
  "GC_STOREFRONT_4_HYGRAPH_LOCALES_3",
  "GC_STOREFRONT_4_HYGRAPH_LOCALES_4",
  "GC_STOREFRONT_4_HYGRAPH_LOCALES_5",
  "GC_STOREFRONT_4_HYGRAPH_LOCALES_6",
  "GC_STOREFRONT_4_HYGRAPH_LOCALES_7",
  "GC_STOREFRONT_4_HYGRAPH_LOCALES_8",
  "GC_STOREFRONT_4_HYGRAPH_LOCALES_9",
  "GC_STOREFRONT_4_HYGRAPH_LOCALES_10",
  "GC_STOREFRONT_4_HYGRAPH_LOCALES_11",
  "GC_STOREFRONT_4_HYGRAPH_LOCALES_12",
  "GC_STOREFRONT_4_HYGRAPH_LOCALES_13",
  "GC_STOREFRONT_4_HYGRAPH_LOCALES_14",
  "GC_STOREFRONT_4_HYGRAPH_LOCALES_15",
  "GC_STOREFRONT_4_HYGRAPH_LOCALES_16",
  "GC_STOREFRONT_4_HYGRAPH_LOCALES_17",
  "GC_STOREFRONT_4_HYGRAPH_LOCALES_18",
  "GC_STOREFRONT_4_HYGRAPH_LOCALES_19",
  "GC_STOREFRONT_4_HYGRAPH_LOCALES_20",
  "GC_STOREFRONT_4_LINGUI_LOCALE",
  "GC_STOREFRONT_4_LOCALE",
  "GC_STOREFRONT_4_MAGENTO_STORE_CODE",
  "GC_STOREFRONT_4_PERMISSIONS",
  "GC_STOREFRONT_4_PERMISSIONS_CART",
  "GC_STOREFRONT_4_PERMISSIONS_CHECKOUT",
  "GC_STOREFRONT_4_PERMISSIONS_CUSTOMER_ACCOUNT",
  "GC_STOREFRONT_4_PERMISSIONS_WEBSITE",
  "GC_STOREFRONT_4_ROBOTS_ALLOW",
  "GC_STOREFRONT_5",
  "GC_STOREFRONT_5_CANONICAL_BASE_URL",
  "GC_STOREFRONT_5_CART_DISPLAY_PRICES_INCL_TAX",
  "GC_STOREFRONT_5_CUSTOMER_COMPANY_FIELDS_ENABLE",
  "GC_STOREFRONT_5_DEFAULT_LOCALE",
  "GC_STOREFRONT_5_DOMAIN",
  "GC_STOREFRONT_5_GOOGLE_ANALYTICS_ID",
  "GC_STOREFRONT_5_GOOGLE_RECAPTCHA_KEY",
  "GC_STOREFRONT_5_GOOGLE_TAGMANAGER_ID",
  "GC_STOREFRONT_5_HYGRAPH_LOCALES",
  "GC_STOREFRONT_5_HYGRAPH_LOCALES_0",
  "GC_STOREFRONT_5_HYGRAPH_LOCALES_1",
  "GC_STOREFRONT_5_HYGRAPH_LOCALES_2",
  "GC_STOREFRONT_5_HYGRAPH_LOCALES_3",
  "GC_STOREFRONT_5_HYGRAPH_LOCALES_4",
  "GC_STOREFRONT_5_HYGRAPH_LOCALES_5",
  "GC_STOREFRONT_5_HYGRAPH_LOCALES_6",
  "GC_STOREFRONT_5_HYGRAPH_LOCALES_7",
  "GC_STOREFRONT_5_HYGRAPH_LOCALES_8",
  "GC_STOREFRONT_5_HYGRAPH_LOCALES_9",
  "GC_STOREFRONT_5_HYGRAPH_LOCALES_10",
  "GC_STOREFRONT_5_HYGRAPH_LOCALES_11",
  "GC_STOREFRONT_5_HYGRAPH_LOCALES_12",
  "GC_STOREFRONT_5_HYGRAPH_LOCALES_13",
  "GC_STOREFRONT_5_HYGRAPH_LOCALES_14",
  "GC_STOREFRONT_5_HYGRAPH_LOCALES_15",
  "GC_STOREFRONT_5_HYGRAPH_LOCALES_16",
  "GC_STOREFRONT_5_HYGRAPH_LOCALES_17",
  "GC_STOREFRONT_5_HYGRAPH_LOCALES_18",
  "GC_STOREFRONT_5_HYGRAPH_LOCALES_19",
  "GC_STOREFRONT_5_HYGRAPH_LOCALES_20",
  "GC_STOREFRONT_5_LINGUI_LOCALE",
  "GC_STOREFRONT_5_LOCALE",
  "GC_STOREFRONT_5_MAGENTO_STORE_CODE",
  "GC_STOREFRONT_5_PERMISSIONS",
  "GC_STOREFRONT_5_PERMISSIONS_CART",
  "GC_STOREFRONT_5_PERMISSIONS_CHECKOUT",
  "GC_STOREFRONT_5_PERMISSIONS_CUSTOMER_ACCOUNT",
  "GC_STOREFRONT_5_PERMISSIONS_WEBSITE",
  "GC_STOREFRONT_5_ROBOTS_ALLOW",
  "GC_STOREFRONT_6",
  "GC_STOREFRONT_6_CANONICAL_BASE_URL",
  "GC_STOREFRONT_6_CART_DISPLAY_PRICES_INCL_TAX",
  "GC_STOREFRONT_6_CUSTOMER_COMPANY_FIELDS_ENABLE",
  "GC_STOREFRONT_6_DEFAULT_LOCALE",
  "GC_STOREFRONT_6_DOMAIN",
  "GC_STOREFRONT_6_GOOGLE_ANALYTICS_ID",
  "GC_STOREFRONT_6_GOOGLE_RECAPTCHA_KEY",
  "GC_STOREFRONT_6_GOOGLE_TAGMANAGER_ID",
  "GC_STOREFRONT_6_HYGRAPH_LOCALES",
  "GC_STOREFRONT_6_HYGRAPH_LOCALES_0",
  "GC_STOREFRONT_6_HYGRAPH_LOCALES_1",
  "GC_STOREFRONT_6_HYGRAPH_LOCALES_2",
  "GC_STOREFRONT_6_HYGRAPH_LOCALES_3",
  "GC_STOREFRONT_6_HYGRAPH_LOCALES_4",
  "GC_STOREFRONT_6_HYGRAPH_LOCALES_5",
  "GC_STOREFRONT_6_HYGRAPH_LOCALES_6",
  "GC_STOREFRONT_6_HYGRAPH_LOCALES_7",
  "GC_STOREFRONT_6_HYGRAPH_LOCALES_8",
  "GC_STOREFRONT_6_HYGRAPH_LOCALES_9",
  "GC_STOREFRONT_6_HYGRAPH_LOCALES_10",
  "GC_STOREFRONT_6_HYGRAPH_LOCALES_11",
  "GC_STOREFRONT_6_HYGRAPH_LOCALES_12",
  "GC_STOREFRONT_6_HYGRAPH_LOCALES_13",
  "GC_STOREFRONT_6_HYGRAPH_LOCALES_14",
  "GC_STOREFRONT_6_HYGRAPH_LOCALES_15",
  "GC_STOREFRONT_6_HYGRAPH_LOCALES_16",
  "GC_STOREFRONT_6_HYGRAPH_LOCALES_17",
  "GC_STOREFRONT_6_HYGRAPH_LOCALES_18",
  "GC_STOREFRONT_6_HYGRAPH_LOCALES_19",
  "GC_STOREFRONT_6_HYGRAPH_LOCALES_20",
  "GC_STOREFRONT_6_LINGUI_LOCALE",
  "GC_STOREFRONT_6_LOCALE",
  "GC_STOREFRONT_6_MAGENTO_STORE_CODE",
  "GC_STOREFRONT_6_PERMISSIONS",
  "GC_STOREFRONT_6_PERMISSIONS_CART",
  "GC_STOREFRONT_6_PERMISSIONS_CHECKOUT",
  "GC_STOREFRONT_6_PERMISSIONS_CUSTOMER_ACCOUNT",
  "GC_STOREFRONT_6_PERMISSIONS_WEBSITE",
  "GC_STOREFRONT_6_ROBOTS_ALLOW",
  "GC_STOREFRONT_7",
  "GC_STOREFRONT_7_CANONICAL_BASE_URL",
  "GC_STOREFRONT_7_CART_DISPLAY_PRICES_INCL_TAX",
  "GC_STOREFRONT_7_CUSTOMER_COMPANY_FIELDS_ENABLE",
  "GC_STOREFRONT_7_DEFAULT_LOCALE",
  "GC_STOREFRONT_7_DOMAIN",
  "GC_STOREFRONT_7_GOOGLE_ANALYTICS_ID",
  "GC_STOREFRONT_7_GOOGLE_RECAPTCHA_KEY",
  "GC_STOREFRONT_7_GOOGLE_TAGMANAGER_ID",
  "GC_STOREFRONT_7_HYGRAPH_LOCALES",
  "GC_STOREFRONT_7_HYGRAPH_LOCALES_0",
  "GC_STOREFRONT_7_HYGRAPH_LOCALES_1",
  "GC_STOREFRONT_7_HYGRAPH_LOCALES_2",
  "GC_STOREFRONT_7_HYGRAPH_LOCALES_3",
  "GC_STOREFRONT_7_HYGRAPH_LOCALES_4",
  "GC_STOREFRONT_7_HYGRAPH_LOCALES_5",
  "GC_STOREFRONT_7_HYGRAPH_LOCALES_6",
  "GC_STOREFRONT_7_HYGRAPH_LOCALES_7",
  "GC_STOREFRONT_7_HYGRAPH_LOCALES_8",
  "GC_STOREFRONT_7_HYGRAPH_LOCALES_9",
  "GC_STOREFRONT_7_HYGRAPH_LOCALES_10",
  "GC_STOREFRONT_7_HYGRAPH_LOCALES_11",
  "GC_STOREFRONT_7_HYGRAPH_LOCALES_12",
  "GC_STOREFRONT_7_HYGRAPH_LOCALES_13",
  "GC_STOREFRONT_7_HYGRAPH_LOCALES_14",
  "GC_STOREFRONT_7_HYGRAPH_LOCALES_15",
  "GC_STOREFRONT_7_HYGRAPH_LOCALES_16",
  "GC_STOREFRONT_7_HYGRAPH_LOCALES_17",
  "GC_STOREFRONT_7_HYGRAPH_LOCALES_18",
  "GC_STOREFRONT_7_HYGRAPH_LOCALES_19",
  "GC_STOREFRONT_7_HYGRAPH_LOCALES_20",
  "GC_STOREFRONT_7_LINGUI_LOCALE",
  "GC_STOREFRONT_7_LOCALE",
  "GC_STOREFRONT_7_MAGENTO_STORE_CODE",
  "GC_STOREFRONT_7_PERMISSIONS",
  "GC_STOREFRONT_7_PERMISSIONS_CART",
  "GC_STOREFRONT_7_PERMISSIONS_CHECKOUT",
  "GC_STOREFRONT_7_PERMISSIONS_CUSTOMER_ACCOUNT",
  "GC_STOREFRONT_7_PERMISSIONS_WEBSITE",
  "GC_STOREFRONT_7_ROBOTS_ALLOW",
  "GC_STOREFRONT_8",
  "GC_STOREFRONT_8_CANONICAL_BASE_URL",
  "GC_STOREFRONT_8_CART_DISPLAY_PRICES_INCL_TAX",
  "GC_STOREFRONT_8_CUSTOMER_COMPANY_FIELDS_ENABLE",
  "GC_STOREFRONT_8_DEFAULT_LOCALE",
  "GC_STOREFRONT_8_DOMAIN",
  "GC_STOREFRONT_8_GOOGLE_ANALYTICS_ID",
  "GC_STOREFRONT_8_GOOGLE_RECAPTCHA_KEY",
  "GC_STOREFRONT_8_GOOGLE_TAGMANAGER_ID",
  "GC_STOREFRONT_8_HYGRAPH_LOCALES",
  "GC_STOREFRONT_8_HYGRAPH_LOCALES_0",
  "GC_STOREFRONT_8_HYGRAPH_LOCALES_1",
  "GC_STOREFRONT_8_HYGRAPH_LOCALES_2",
  "GC_STOREFRONT_8_HYGRAPH_LOCALES_3",
  "GC_STOREFRONT_8_HYGRAPH_LOCALES_4",
  "GC_STOREFRONT_8_HYGRAPH_LOCALES_5",
  "GC_STOREFRONT_8_HYGRAPH_LOCALES_6",
  "GC_STOREFRONT_8_HYGRAPH_LOCALES_7",
  "GC_STOREFRONT_8_HYGRAPH_LOCALES_8",
  "GC_STOREFRONT_8_HYGRAPH_LOCALES_9",
  "GC_STOREFRONT_8_HYGRAPH_LOCALES_10",
  "GC_STOREFRONT_8_HYGRAPH_LOCALES_11",
  "GC_STOREFRONT_8_HYGRAPH_LOCALES_12",
  "GC_STOREFRONT_8_HYGRAPH_LOCALES_13",
  "GC_STOREFRONT_8_HYGRAPH_LOCALES_14",
  "GC_STOREFRONT_8_HYGRAPH_LOCALES_15",
  "GC_STOREFRONT_8_HYGRAPH_LOCALES_16",
  "GC_STOREFRONT_8_HYGRAPH_LOCALES_17",
  "GC_STOREFRONT_8_HYGRAPH_LOCALES_18",
  "GC_STOREFRONT_8_HYGRAPH_LOCALES_19",
  "GC_STOREFRONT_8_HYGRAPH_LOCALES_20",
  "GC_STOREFRONT_8_LINGUI_LOCALE",
  "GC_STOREFRONT_8_LOCALE",
  "GC_STOREFRONT_8_MAGENTO_STORE_CODE",
  "GC_STOREFRONT_8_PERMISSIONS",
  "GC_STOREFRONT_8_PERMISSIONS_CART",
  "GC_STOREFRONT_8_PERMISSIONS_CHECKOUT",
  "GC_STOREFRONT_8_PERMISSIONS_CUSTOMER_ACCOUNT",
  "GC_STOREFRONT_8_PERMISSIONS_WEBSITE",
  "GC_STOREFRONT_8_ROBOTS_ALLOW",
  "GC_STOREFRONT_9",
  "GC_STOREFRONT_9_CANONICAL_BASE_URL",
  "GC_STOREFRONT_9_CART_DISPLAY_PRICES_INCL_TAX",
  "GC_STOREFRONT_9_CUSTOMER_COMPANY_FIELDS_ENABLE",
  "GC_STOREFRONT_9_DEFAULT_LOCALE",
  "GC_STOREFRONT_9_DOMAIN",
  "GC_STOREFRONT_9_GOOGLE_ANALYTICS_ID",
  "GC_STOREFRONT_9_GOOGLE_RECAPTCHA_KEY",
  "GC_STOREFRONT_9_GOOGLE_TAGMANAGER_ID",
  "GC_STOREFRONT_9_HYGRAPH_LOCALES",
  "GC_STOREFRONT_9_HYGRAPH_LOCALES_0",
  "GC_STOREFRONT_9_HYGRAPH_LOCALES_1",
  "GC_STOREFRONT_9_HYGRAPH_LOCALES_2",
  "GC_STOREFRONT_9_HYGRAPH_LOCALES_3",
  "GC_STOREFRONT_9_HYGRAPH_LOCALES_4",
  "GC_STOREFRONT_9_HYGRAPH_LOCALES_5",
  "GC_STOREFRONT_9_HYGRAPH_LOCALES_6",
  "GC_STOREFRONT_9_HYGRAPH_LOCALES_7",
  "GC_STOREFRONT_9_HYGRAPH_LOCALES_8",
  "GC_STOREFRONT_9_HYGRAPH_LOCALES_9",
  "GC_STOREFRONT_9_HYGRAPH_LOCALES_10",
  "GC_STOREFRONT_9_HYGRAPH_LOCALES_11",
  "GC_STOREFRONT_9_HYGRAPH_LOCALES_12",
  "GC_STOREFRONT_9_HYGRAPH_LOCALES_13",
  "GC_STOREFRONT_9_HYGRAPH_LOCALES_14",
  "GC_STOREFRONT_9_HYGRAPH_LOCALES_15",
  "GC_STOREFRONT_9_HYGRAPH_LOCALES_16",
  "GC_STOREFRONT_9_HYGRAPH_LOCALES_17",
  "GC_STOREFRONT_9_HYGRAPH_LOCALES_18",
  "GC_STOREFRONT_9_HYGRAPH_LOCALES_19",
  "GC_STOREFRONT_9_HYGRAPH_LOCALES_20",
  "GC_STOREFRONT_9_LINGUI_LOCALE",
  "GC_STOREFRONT_9_LOCALE",
  "GC_STOREFRONT_9_MAGENTO_STORE_CODE",
  "GC_STOREFRONT_9_PERMISSIONS",
  "GC_STOREFRONT_9_PERMISSIONS_CART",
  "GC_STOREFRONT_9_PERMISSIONS_CHECKOUT",
  "GC_STOREFRONT_9_PERMISSIONS_CUSTOMER_ACCOUNT",
  "GC_STOREFRONT_9_PERMISSIONS_WEBSITE",
  "GC_STOREFRONT_9_ROBOTS_ALLOW",
  "GC_STOREFRONT_10",
  "GC_STOREFRONT_10_CANONICAL_BASE_URL",
  "GC_STOREFRONT_10_CART_DISPLAY_PRICES_INCL_TAX",
  "GC_STOREFRONT_10_CUSTOMER_COMPANY_FIELDS_ENABLE",
  "GC_STOREFRONT_10_DEFAULT_LOCALE",
  "GC_STOREFRONT_10_DOMAIN",
  "GC_STOREFRONT_10_GOOGLE_ANALYTICS_ID",
  "GC_STOREFRONT_10_GOOGLE_RECAPTCHA_KEY",
  "GC_STOREFRONT_10_GOOGLE_TAGMANAGER_ID",
  "GC_STOREFRONT_10_HYGRAPH_LOCALES",
  "GC_STOREFRONT_10_HYGRAPH_LOCALES_0",
  "GC_STOREFRONT_10_HYGRAPH_LOCALES_1",
  "GC_STOREFRONT_10_HYGRAPH_LOCALES_2",
  "GC_STOREFRONT_10_HYGRAPH_LOCALES_3",
  "GC_STOREFRONT_10_HYGRAPH_LOCALES_4",
  "GC_STOREFRONT_10_HYGRAPH_LOCALES_5",
  "GC_STOREFRONT_10_HYGRAPH_LOCALES_6",
  "GC_STOREFRONT_10_HYGRAPH_LOCALES_7",
  "GC_STOREFRONT_10_HYGRAPH_LOCALES_8",
  "GC_STOREFRONT_10_HYGRAPH_LOCALES_9",
  "GC_STOREFRONT_10_HYGRAPH_LOCALES_10",
  "GC_STOREFRONT_10_HYGRAPH_LOCALES_11",
  "GC_STOREFRONT_10_HYGRAPH_LOCALES_12",
  "GC_STOREFRONT_10_HYGRAPH_LOCALES_13",
  "GC_STOREFRONT_10_HYGRAPH_LOCALES_14",
  "GC_STOREFRONT_10_HYGRAPH_LOCALES_15",
  "GC_STOREFRONT_10_HYGRAPH_LOCALES_16",
  "GC_STOREFRONT_10_HYGRAPH_LOCALES_17",
  "GC_STOREFRONT_10_HYGRAPH_LOCALES_18",
  "GC_STOREFRONT_10_HYGRAPH_LOCALES_19",
  "GC_STOREFRONT_10_HYGRAPH_LOCALES_20",
  "GC_STOREFRONT_10_LINGUI_LOCALE",
  "GC_STOREFRONT_10_LOCALE",
  "GC_STOREFRONT_10_MAGENTO_STORE_CODE",
  "GC_STOREFRONT_10_PERMISSIONS",
  "GC_STOREFRONT_10_PERMISSIONS_CART",
  "GC_STOREFRONT_10_PERMISSIONS_CHECKOUT",
  "GC_STOREFRONT_10_PERMISSIONS_CUSTOMER_ACCOUNT",
  "GC_STOREFRONT_10_PERMISSIONS_WEBSITE",
  "GC_STOREFRONT_10_ROBOTS_ALLOW",
  "GC_STOREFRONT_11",
  "GC_STOREFRONT_11_CANONICAL_BASE_URL",
  "GC_STOREFRONT_11_CART_DISPLAY_PRICES_INCL_TAX",
  "GC_STOREFRONT_11_CUSTOMER_COMPANY_FIELDS_ENABLE",
  "GC_STOREFRONT_11_DEFAULT_LOCALE",
  "GC_STOREFRONT_11_DOMAIN",
  "GC_STOREFRONT_11_GOOGLE_ANALYTICS_ID",
  "GC_STOREFRONT_11_GOOGLE_RECAPTCHA_KEY",
  "GC_STOREFRONT_11_GOOGLE_TAGMANAGER_ID",
  "GC_STOREFRONT_11_HYGRAPH_LOCALES",
  "GC_STOREFRONT_11_HYGRAPH_LOCALES_0",
  "GC_STOREFRONT_11_HYGRAPH_LOCALES_1",
  "GC_STOREFRONT_11_HYGRAPH_LOCALES_2",
  "GC_STOREFRONT_11_HYGRAPH_LOCALES_3",
  "GC_STOREFRONT_11_HYGRAPH_LOCALES_4",
  "GC_STOREFRONT_11_HYGRAPH_LOCALES_5",
  "GC_STOREFRONT_11_HYGRAPH_LOCALES_6",
  "GC_STOREFRONT_11_HYGRAPH_LOCALES_7",
  "GC_STOREFRONT_11_HYGRAPH_LOCALES_8",
  "GC_STOREFRONT_11_HYGRAPH_LOCALES_9",
  "GC_STOREFRONT_11_HYGRAPH_LOCALES_10",
  "GC_STOREFRONT_11_HYGRAPH_LOCALES_11",
  "GC_STOREFRONT_11_HYGRAPH_LOCALES_12",
  "GC_STOREFRONT_11_HYGRAPH_LOCALES_13",
  "GC_STOREFRONT_11_HYGRAPH_LOCALES_14",
  "GC_STOREFRONT_11_HYGRAPH_LOCALES_15",
  "GC_STOREFRONT_11_HYGRAPH_LOCALES_16",
  "GC_STOREFRONT_11_HYGRAPH_LOCALES_17",
  "GC_STOREFRONT_11_HYGRAPH_LOCALES_18",
  "GC_STOREFRONT_11_HYGRAPH_LOCALES_19",
  "GC_STOREFRONT_11_HYGRAPH_LOCALES_20",
  "GC_STOREFRONT_11_LINGUI_LOCALE",
  "GC_STOREFRONT_11_LOCALE",
  "GC_STOREFRONT_11_MAGENTO_STORE_CODE",
  "GC_STOREFRONT_11_PERMISSIONS",
  "GC_STOREFRONT_11_PERMISSIONS_CART",
  "GC_STOREFRONT_11_PERMISSIONS_CHECKOUT",
  "GC_STOREFRONT_11_PERMISSIONS_CUSTOMER_ACCOUNT",
  "GC_STOREFRONT_11_PERMISSIONS_WEBSITE",
  "GC_STOREFRONT_11_ROBOTS_ALLOW",
  "GC_STOREFRONT_12",
  "GC_STOREFRONT_12_CANONICAL_BASE_URL",
  "GC_STOREFRONT_12_CART_DISPLAY_PRICES_INCL_TAX",
  "GC_STOREFRONT_12_CUSTOMER_COMPANY_FIELDS_ENABLE",
  "GC_STOREFRONT_12_DEFAULT_LOCALE",
  "GC_STOREFRONT_12_DOMAIN",
  "GC_STOREFRONT_12_GOOGLE_ANALYTICS_ID",
  "GC_STOREFRONT_12_GOOGLE_RECAPTCHA_KEY",
  "GC_STOREFRONT_12_GOOGLE_TAGMANAGER_ID",
  "GC_STOREFRONT_12_HYGRAPH_LOCALES",
  "GC_STOREFRONT_12_HYGRAPH_LOCALES_0",
  "GC_STOREFRONT_12_HYGRAPH_LOCALES_1",
  "GC_STOREFRONT_12_HYGRAPH_LOCALES_2",
  "GC_STOREFRONT_12_HYGRAPH_LOCALES_3",
  "GC_STOREFRONT_12_HYGRAPH_LOCALES_4",
  "GC_STOREFRONT_12_HYGRAPH_LOCALES_5",
  "GC_STOREFRONT_12_HYGRAPH_LOCALES_6",
  "GC_STOREFRONT_12_HYGRAPH_LOCALES_7",
  "GC_STOREFRONT_12_HYGRAPH_LOCALES_8",
  "GC_STOREFRONT_12_HYGRAPH_LOCALES_9",
  "GC_STOREFRONT_12_HYGRAPH_LOCALES_10",
  "GC_STOREFRONT_12_HYGRAPH_LOCALES_11",
  "GC_STOREFRONT_12_HYGRAPH_LOCALES_12",
  "GC_STOREFRONT_12_HYGRAPH_LOCALES_13",
  "GC_STOREFRONT_12_HYGRAPH_LOCALES_14",
  "GC_STOREFRONT_12_HYGRAPH_LOCALES_15",
  "GC_STOREFRONT_12_HYGRAPH_LOCALES_16",
  "GC_STOREFRONT_12_HYGRAPH_LOCALES_17",
  "GC_STOREFRONT_12_HYGRAPH_LOCALES_18",
  "GC_STOREFRONT_12_HYGRAPH_LOCALES_19",
  "GC_STOREFRONT_12_HYGRAPH_LOCALES_20",
  "GC_STOREFRONT_12_LINGUI_LOCALE",
  "GC_STOREFRONT_12_LOCALE",
  "GC_STOREFRONT_12_MAGENTO_STORE_CODE",
  "GC_STOREFRONT_12_PERMISSIONS",
  "GC_STOREFRONT_12_PERMISSIONS_CART",
  "GC_STOREFRONT_12_PERMISSIONS_CHECKOUT",
  "GC_STOREFRONT_12_PERMISSIONS_CUSTOMER_ACCOUNT",
  "GC_STOREFRONT_12_PERMISSIONS_WEBSITE",
  "GC_STOREFRONT_12_ROBOTS_ALLOW",
  "GC_STOREFRONT_13",
  "GC_STOREFRONT_13_CANONICAL_BASE_URL",
  "GC_STOREFRONT_13_CART_DISPLAY_PRICES_INCL_TAX",
  "GC_STOREFRONT_13_CUSTOMER_COMPANY_FIELDS_ENABLE",
  "GC_STOREFRONT_13_DEFAULT_LOCALE",
  "GC_STOREFRONT_13_DOMAIN",
  "GC_STOREFRONT_13_GOOGLE_ANALYTICS_ID",
  "GC_STOREFRONT_13_GOOGLE_RECAPTCHA_KEY",
  "GC_STOREFRONT_13_GOOGLE_TAGMANAGER_ID",
  "GC_STOREFRONT_13_HYGRAPH_LOCALES",
  "GC_STOREFRONT_13_HYGRAPH_LOCALES_0",
  "GC_STOREFRONT_13_HYGRAPH_LOCALES_1",
  "GC_STOREFRONT_13_HYGRAPH_LOCALES_2",
  "GC_STOREFRONT_13_HYGRAPH_LOCALES_3",
  "GC_STOREFRONT_13_HYGRAPH_LOCALES_4",
  "GC_STOREFRONT_13_HYGRAPH_LOCALES_5",
  "GC_STOREFRONT_13_HYGRAPH_LOCALES_6",
  "GC_STOREFRONT_13_HYGRAPH_LOCALES_7",
  "GC_STOREFRONT_13_HYGRAPH_LOCALES_8",
  "GC_STOREFRONT_13_HYGRAPH_LOCALES_9",
  "GC_STOREFRONT_13_HYGRAPH_LOCALES_10",
  "GC_STOREFRONT_13_HYGRAPH_LOCALES_11",
  "GC_STOREFRONT_13_HYGRAPH_LOCALES_12",
  "GC_STOREFRONT_13_HYGRAPH_LOCALES_13",
  "GC_STOREFRONT_13_HYGRAPH_LOCALES_14",
  "GC_STOREFRONT_13_HYGRAPH_LOCALES_15",
  "GC_STOREFRONT_13_HYGRAPH_LOCALES_16",
  "GC_STOREFRONT_13_HYGRAPH_LOCALES_17",
  "GC_STOREFRONT_13_HYGRAPH_LOCALES_18",
  "GC_STOREFRONT_13_HYGRAPH_LOCALES_19",
  "GC_STOREFRONT_13_HYGRAPH_LOCALES_20",
  "GC_STOREFRONT_13_LINGUI_LOCALE",
  "GC_STOREFRONT_13_LOCALE",
  "GC_STOREFRONT_13_MAGENTO_STORE_CODE",
  "GC_STOREFRONT_13_PERMISSIONS",
  "GC_STOREFRONT_13_PERMISSIONS_CART",
  "GC_STOREFRONT_13_PERMISSIONS_CHECKOUT",
  "GC_STOREFRONT_13_PERMISSIONS_CUSTOMER_ACCOUNT",
  "GC_STOREFRONT_13_PERMISSIONS_WEBSITE",
  "GC_STOREFRONT_13_ROBOTS_ALLOW",
  "GC_STOREFRONT_14",
  "GC_STOREFRONT_14_CANONICAL_BASE_URL",
  "GC_STOREFRONT_14_CART_DISPLAY_PRICES_INCL_TAX",
  "GC_STOREFRONT_14_CUSTOMER_COMPANY_FIELDS_ENABLE",
  "GC_STOREFRONT_14_DEFAULT_LOCALE",
  "GC_STOREFRONT_14_DOMAIN",
  "GC_STOREFRONT_14_GOOGLE_ANALYTICS_ID",
  "GC_STOREFRONT_14_GOOGLE_RECAPTCHA_KEY",
  "GC_STOREFRONT_14_GOOGLE_TAGMANAGER_ID",
  "GC_STOREFRONT_14_HYGRAPH_LOCALES",
  "GC_STOREFRONT_14_HYGRAPH_LOCALES_0",
  "GC_STOREFRONT_14_HYGRAPH_LOCALES_1",
  "GC_STOREFRONT_14_HYGRAPH_LOCALES_2",
  "GC_STOREFRONT_14_HYGRAPH_LOCALES_3",
  "GC_STOREFRONT_14_HYGRAPH_LOCALES_4",
  "GC_STOREFRONT_14_HYGRAPH_LOCALES_5",
  "GC_STOREFRONT_14_HYGRAPH_LOCALES_6",
  "GC_STOREFRONT_14_HYGRAPH_LOCALES_7",
  "GC_STOREFRONT_14_HYGRAPH_LOCALES_8",
  "GC_STOREFRONT_14_HYGRAPH_LOCALES_9",
  "GC_STOREFRONT_14_HYGRAPH_LOCALES_10",
  "GC_STOREFRONT_14_HYGRAPH_LOCALES_11",
  "GC_STOREFRONT_14_HYGRAPH_LOCALES_12",
  "GC_STOREFRONT_14_HYGRAPH_LOCALES_13",
  "GC_STOREFRONT_14_HYGRAPH_LOCALES_14",
  "GC_STOREFRONT_14_HYGRAPH_LOCALES_15",
  "GC_STOREFRONT_14_HYGRAPH_LOCALES_16",
  "GC_STOREFRONT_14_HYGRAPH_LOCALES_17",
  "GC_STOREFRONT_14_HYGRAPH_LOCALES_18",
  "GC_STOREFRONT_14_HYGRAPH_LOCALES_19",
  "GC_STOREFRONT_14_HYGRAPH_LOCALES_20",
  "GC_STOREFRONT_14_LINGUI_LOCALE",
  "GC_STOREFRONT_14_LOCALE",
  "GC_STOREFRONT_14_MAGENTO_STORE_CODE",
  "GC_STOREFRONT_14_PERMISSIONS",
  "GC_STOREFRONT_14_PERMISSIONS_CART",
  "GC_STOREFRONT_14_PERMISSIONS_CHECKOUT",
  "GC_STOREFRONT_14_PERMISSIONS_CUSTOMER_ACCOUNT",
  "GC_STOREFRONT_14_PERMISSIONS_WEBSITE",
  "GC_STOREFRONT_14_ROBOTS_ALLOW",
  "GC_STOREFRONT_15",
  "GC_STOREFRONT_15_CANONICAL_BASE_URL",
  "GC_STOREFRONT_15_CART_DISPLAY_PRICES_INCL_TAX",
  "GC_STOREFRONT_15_CUSTOMER_COMPANY_FIELDS_ENABLE",
  "GC_STOREFRONT_15_DEFAULT_LOCALE",
  "GC_STOREFRONT_15_DOMAIN",
  "GC_STOREFRONT_15_GOOGLE_ANALYTICS_ID",
  "GC_STOREFRONT_15_GOOGLE_RECAPTCHA_KEY",
  "GC_STOREFRONT_15_GOOGLE_TAGMANAGER_ID",
  "GC_STOREFRONT_15_HYGRAPH_LOCALES",
  "GC_STOREFRONT_15_HYGRAPH_LOCALES_0",
  "GC_STOREFRONT_15_HYGRAPH_LOCALES_1",
  "GC_STOREFRONT_15_HYGRAPH_LOCALES_2",
  "GC_STOREFRONT_15_HYGRAPH_LOCALES_3",
  "GC_STOREFRONT_15_HYGRAPH_LOCALES_4",
  "GC_STOREFRONT_15_HYGRAPH_LOCALES_5",
  "GC_STOREFRONT_15_HYGRAPH_LOCALES_6",
  "GC_STOREFRONT_15_HYGRAPH_LOCALES_7",
  "GC_STOREFRONT_15_HYGRAPH_LOCALES_8",
  "GC_STOREFRONT_15_HYGRAPH_LOCALES_9",
  "GC_STOREFRONT_15_HYGRAPH_LOCALES_10",
  "GC_STOREFRONT_15_HYGRAPH_LOCALES_11",
  "GC_STOREFRONT_15_HYGRAPH_LOCALES_12",
  "GC_STOREFRONT_15_HYGRAPH_LOCALES_13",
  "GC_STOREFRONT_15_HYGRAPH_LOCALES_14",
  "GC_STOREFRONT_15_HYGRAPH_LOCALES_15",
  "GC_STOREFRONT_15_HYGRAPH_LOCALES_16",
  "GC_STOREFRONT_15_HYGRAPH_LOCALES_17",
  "GC_STOREFRONT_15_HYGRAPH_LOCALES_18",
  "GC_STOREFRONT_15_HYGRAPH_LOCALES_19",
  "GC_STOREFRONT_15_HYGRAPH_LOCALES_20",
  "GC_STOREFRONT_15_LINGUI_LOCALE",
  "GC_STOREFRONT_15_LOCALE",
  "GC_STOREFRONT_15_MAGENTO_STORE_CODE",
  "GC_STOREFRONT_15_PERMISSIONS",
  "GC_STOREFRONT_15_PERMISSIONS_CART",
  "GC_STOREFRONT_15_PERMISSIONS_CHECKOUT",
  "GC_STOREFRONT_15_PERMISSIONS_CUSTOMER_ACCOUNT",
  "GC_STOREFRONT_15_PERMISSIONS_WEBSITE",
  "GC_STOREFRONT_15_ROBOTS_ALLOW",
  "GC_STOREFRONT_16",
  "GC_STOREFRONT_16_CANONICAL_BASE_URL",
  "GC_STOREFRONT_16_CART_DISPLAY_PRICES_INCL_TAX",
  "GC_STOREFRONT_16_CUSTOMER_COMPANY_FIELDS_ENABLE",
  "GC_STOREFRONT_16_DEFAULT_LOCALE",
  "GC_STOREFRONT_16_DOMAIN",
  "GC_STOREFRONT_16_GOOGLE_ANALYTICS_ID",
  "GC_STOREFRONT_16_GOOGLE_RECAPTCHA_KEY",
  "GC_STOREFRONT_16_GOOGLE_TAGMANAGER_ID",
  "GC_STOREFRONT_16_HYGRAPH_LOCALES",
  "GC_STOREFRONT_16_HYGRAPH_LOCALES_0",
  "GC_STOREFRONT_16_HYGRAPH_LOCALES_1",
  "GC_STOREFRONT_16_HYGRAPH_LOCALES_2",
  "GC_STOREFRONT_16_HYGRAPH_LOCALES_3",
  "GC_STOREFRONT_16_HYGRAPH_LOCALES_4",
  "GC_STOREFRONT_16_HYGRAPH_LOCALES_5",
  "GC_STOREFRONT_16_HYGRAPH_LOCALES_6",
  "GC_STOREFRONT_16_HYGRAPH_LOCALES_7",
  "GC_STOREFRONT_16_HYGRAPH_LOCALES_8",
  "GC_STOREFRONT_16_HYGRAPH_LOCALES_9",
  "GC_STOREFRONT_16_HYGRAPH_LOCALES_10",
  "GC_STOREFRONT_16_HYGRAPH_LOCALES_11",
  "GC_STOREFRONT_16_HYGRAPH_LOCALES_12",
  "GC_STOREFRONT_16_HYGRAPH_LOCALES_13",
  "GC_STOREFRONT_16_HYGRAPH_LOCALES_14",
  "GC_STOREFRONT_16_HYGRAPH_LOCALES_15",
  "GC_STOREFRONT_16_HYGRAPH_LOCALES_16",
  "GC_STOREFRONT_16_HYGRAPH_LOCALES_17",
  "GC_STOREFRONT_16_HYGRAPH_LOCALES_18",
  "GC_STOREFRONT_16_HYGRAPH_LOCALES_19",
  "GC_STOREFRONT_16_HYGRAPH_LOCALES_20",
  "GC_STOREFRONT_16_LINGUI_LOCALE",
  "GC_STOREFRONT_16_LOCALE",
  "GC_STOREFRONT_16_MAGENTO_STORE_CODE",
  "GC_STOREFRONT_16_PERMISSIONS",
  "GC_STOREFRONT_16_PERMISSIONS_CART",
  "GC_STOREFRONT_16_PERMISSIONS_CHECKOUT",
  "GC_STOREFRONT_16_PERMISSIONS_CUSTOMER_ACCOUNT",
  "GC_STOREFRONT_16_PERMISSIONS_WEBSITE",
  "GC_STOREFRONT_16_ROBOTS_ALLOW",
  "GC_STOREFRONT_17",
  "GC_STOREFRONT_17_CANONICAL_BASE_URL",
  "GC_STOREFRONT_17_CART_DISPLAY_PRICES_INCL_TAX",
  "GC_STOREFRONT_17_CUSTOMER_COMPANY_FIELDS_ENABLE",
  "GC_STOREFRONT_17_DEFAULT_LOCALE",
  "GC_STOREFRONT_17_DOMAIN",
  "GC_STOREFRONT_17_GOOGLE_ANALYTICS_ID",
  "GC_STOREFRONT_17_GOOGLE_RECAPTCHA_KEY",
  "GC_STOREFRONT_17_GOOGLE_TAGMANAGER_ID",
  "GC_STOREFRONT_17_HYGRAPH_LOCALES",
  "GC_STOREFRONT_17_HYGRAPH_LOCALES_0",
  "GC_STOREFRONT_17_HYGRAPH_LOCALES_1",
  "GC_STOREFRONT_17_HYGRAPH_LOCALES_2",
  "GC_STOREFRONT_17_HYGRAPH_LOCALES_3",
  "GC_STOREFRONT_17_HYGRAPH_LOCALES_4",
  "GC_STOREFRONT_17_HYGRAPH_LOCALES_5",
  "GC_STOREFRONT_17_HYGRAPH_LOCALES_6",
  "GC_STOREFRONT_17_HYGRAPH_LOCALES_7",
  "GC_STOREFRONT_17_HYGRAPH_LOCALES_8",
  "GC_STOREFRONT_17_HYGRAPH_LOCALES_9",
  "GC_STOREFRONT_17_HYGRAPH_LOCALES_10",
  "GC_STOREFRONT_17_HYGRAPH_LOCALES_11",
  "GC_STOREFRONT_17_HYGRAPH_LOCALES_12",
  "GC_STOREFRONT_17_HYGRAPH_LOCALES_13",
  "GC_STOREFRONT_17_HYGRAPH_LOCALES_14",
  "GC_STOREFRONT_17_HYGRAPH_LOCALES_15",
  "GC_STOREFRONT_17_HYGRAPH_LOCALES_16",
  "GC_STOREFRONT_17_HYGRAPH_LOCALES_17",
  "GC_STOREFRONT_17_HYGRAPH_LOCALES_18",
  "GC_STOREFRONT_17_HYGRAPH_LOCALES_19",
  "GC_STOREFRONT_17_HYGRAPH_LOCALES_20",
  "GC_STOREFRONT_17_LINGUI_LOCALE",
  "GC_STOREFRONT_17_LOCALE",
  "GC_STOREFRONT_17_MAGENTO_STORE_CODE",
  "GC_STOREFRONT_17_PERMISSIONS",
  "GC_STOREFRONT_17_PERMISSIONS_CART",
  "GC_STOREFRONT_17_PERMISSIONS_CHECKOUT",
  "GC_STOREFRONT_17_PERMISSIONS_CUSTOMER_ACCOUNT",
  "GC_STOREFRONT_17_PERMISSIONS_WEBSITE",
  "GC_STOREFRONT_17_ROBOTS_ALLOW",
  "GC_STOREFRONT_18",
  "GC_STOREFRONT_18_CANONICAL_BASE_URL",
  "GC_STOREFRONT_18_CART_DISPLAY_PRICES_INCL_TAX",
  "GC_STOREFRONT_18_CUSTOMER_COMPANY_FIELDS_ENABLE",
  "GC_STOREFRONT_18_DEFAULT_LOCALE",
  "GC_STOREFRONT_18_DOMAIN",
  "GC_STOREFRONT_18_GOOGLE_ANALYTICS_ID",
  "GC_STOREFRONT_18_GOOGLE_RECAPTCHA_KEY",
  "GC_STOREFRONT_18_GOOGLE_TAGMANAGER_ID",
  "GC_STOREFRONT_18_HYGRAPH_LOCALES",
  "GC_STOREFRONT_18_HYGRAPH_LOCALES_0",
  "GC_STOREFRONT_18_HYGRAPH_LOCALES_1",
  "GC_STOREFRONT_18_HYGRAPH_LOCALES_2",
  "GC_STOREFRONT_18_HYGRAPH_LOCALES_3",
  "GC_STOREFRONT_18_HYGRAPH_LOCALES_4",
  "GC_STOREFRONT_18_HYGRAPH_LOCALES_5",
  "GC_STOREFRONT_18_HYGRAPH_LOCALES_6",
  "GC_STOREFRONT_18_HYGRAPH_LOCALES_7",
  "GC_STOREFRONT_18_HYGRAPH_LOCALES_8",
  "GC_STOREFRONT_18_HYGRAPH_LOCALES_9",
  "GC_STOREFRONT_18_HYGRAPH_LOCALES_10",
  "GC_STOREFRONT_18_HYGRAPH_LOCALES_11",
  "GC_STOREFRONT_18_HYGRAPH_LOCALES_12",
  "GC_STOREFRONT_18_HYGRAPH_LOCALES_13",
  "GC_STOREFRONT_18_HYGRAPH_LOCALES_14",
  "GC_STOREFRONT_18_HYGRAPH_LOCALES_15",
  "GC_STOREFRONT_18_HYGRAPH_LOCALES_16",
  "GC_STOREFRONT_18_HYGRAPH_LOCALES_17",
  "GC_STOREFRONT_18_HYGRAPH_LOCALES_18",
  "GC_STOREFRONT_18_HYGRAPH_LOCALES_19",
  "GC_STOREFRONT_18_HYGRAPH_LOCALES_20",
  "GC_STOREFRONT_18_LINGUI_LOCALE",
  "GC_STOREFRONT_18_LOCALE",
  "GC_STOREFRONT_18_MAGENTO_STORE_CODE",
  "GC_STOREFRONT_18_PERMISSIONS",
  "GC_STOREFRONT_18_PERMISSIONS_CART",
  "GC_STOREFRONT_18_PERMISSIONS_CHECKOUT",
  "GC_STOREFRONT_18_PERMISSIONS_CUSTOMER_ACCOUNT",
  "GC_STOREFRONT_18_PERMISSIONS_WEBSITE",
  "GC_STOREFRONT_18_ROBOTS_ALLOW",
  "GC_STOREFRONT_19",
  "GC_STOREFRONT_19_CANONICAL_BASE_URL",
  "GC_STOREFRONT_19_CART_DISPLAY_PRICES_INCL_TAX",
  "GC_STOREFRONT_19_CUSTOMER_COMPANY_FIELDS_ENABLE",
  "GC_STOREFRONT_19_DEFAULT_LOCALE",
  "GC_STOREFRONT_19_DOMAIN",
  "GC_STOREFRONT_19_GOOGLE_ANALYTICS_ID",
  "GC_STOREFRONT_19_GOOGLE_RECAPTCHA_KEY",
  "GC_STOREFRONT_19_GOOGLE_TAGMANAGER_ID",
  "GC_STOREFRONT_19_HYGRAPH_LOCALES",
  "GC_STOREFRONT_19_HYGRAPH_LOCALES_0",
  "GC_STOREFRONT_19_HYGRAPH_LOCALES_1",
  "GC_STOREFRONT_19_HYGRAPH_LOCALES_2",
  "GC_STOREFRONT_19_HYGRAPH_LOCALES_3",
  "GC_STOREFRONT_19_HYGRAPH_LOCALES_4",
  "GC_STOREFRONT_19_HYGRAPH_LOCALES_5",
  "GC_STOREFRONT_19_HYGRAPH_LOCALES_6",
  "GC_STOREFRONT_19_HYGRAPH_LOCALES_7",
  "GC_STOREFRONT_19_HYGRAPH_LOCALES_8",
  "GC_STOREFRONT_19_HYGRAPH_LOCALES_9",
  "GC_STOREFRONT_19_HYGRAPH_LOCALES_10",
  "GC_STOREFRONT_19_HYGRAPH_LOCALES_11",
  "GC_STOREFRONT_19_HYGRAPH_LOCALES_12",
  "GC_STOREFRONT_19_HYGRAPH_LOCALES_13",
  "GC_STOREFRONT_19_HYGRAPH_LOCALES_14",
  "GC_STOREFRONT_19_HYGRAPH_LOCALES_15",
  "GC_STOREFRONT_19_HYGRAPH_LOCALES_16",
  "GC_STOREFRONT_19_HYGRAPH_LOCALES_17",
  "GC_STOREFRONT_19_HYGRAPH_LOCALES_18",
  "GC_STOREFRONT_19_HYGRAPH_LOCALES_19",
  "GC_STOREFRONT_19_HYGRAPH_LOCALES_20",
  "GC_STOREFRONT_19_LINGUI_LOCALE",
  "GC_STOREFRONT_19_LOCALE",
  "GC_STOREFRONT_19_MAGENTO_STORE_CODE",
  "GC_STOREFRONT_19_PERMISSIONS",
  "GC_STOREFRONT_19_PERMISSIONS_CART",
  "GC_STOREFRONT_19_PERMISSIONS_CHECKOUT",
  "GC_STOREFRONT_19_PERMISSIONS_CUSTOMER_ACCOUNT",
  "GC_STOREFRONT_19_PERMISSIONS_WEBSITE",
  "GC_STOREFRONT_19_ROBOTS_ALLOW",
  "GC_STOREFRONT_20",
  "GC_STOREFRONT_20_CANONICAL_BASE_URL",
  "GC_STOREFRONT_20_CART_DISPLAY_PRICES_INCL_TAX",
  "GC_STOREFRONT_20_CUSTOMER_COMPANY_FIELDS_ENABLE",
  "GC_STOREFRONT_20_DEFAULT_LOCALE",
  "GC_STOREFRONT_20_DOMAIN",
  "GC_STOREFRONT_20_GOOGLE_ANALYTICS_ID",
  "GC_STOREFRONT_20_GOOGLE_RECAPTCHA_KEY",
  "GC_STOREFRONT_20_GOOGLE_TAGMANAGER_ID",
  "GC_STOREFRONT_20_HYGRAPH_LOCALES",
  "GC_STOREFRONT_20_HYGRAPH_LOCALES_0",
  "GC_STOREFRONT_20_HYGRAPH_LOCALES_1",
  "GC_STOREFRONT_20_HYGRAPH_LOCALES_2",
  "GC_STOREFRONT_20_HYGRAPH_LOCALES_3",
  "GC_STOREFRONT_20_HYGRAPH_LOCALES_4",
  "GC_STOREFRONT_20_HYGRAPH_LOCALES_5",
  "GC_STOREFRONT_20_HYGRAPH_LOCALES_6",
  "GC_STOREFRONT_20_HYGRAPH_LOCALES_7",
  "GC_STOREFRONT_20_HYGRAPH_LOCALES_8",
  "GC_STOREFRONT_20_HYGRAPH_LOCALES_9",
  "GC_STOREFRONT_20_HYGRAPH_LOCALES_10",
  "GC_STOREFRONT_20_HYGRAPH_LOCALES_11",
  "GC_STOREFRONT_20_HYGRAPH_LOCALES_12",
  "GC_STOREFRONT_20_HYGRAPH_LOCALES_13",
  "GC_STOREFRONT_20_HYGRAPH_LOCALES_14",
  "GC_STOREFRONT_20_HYGRAPH_LOCALES_15",
  "GC_STOREFRONT_20_HYGRAPH_LOCALES_16",
  "GC_STOREFRONT_20_HYGRAPH_LOCALES_17",
  "GC_STOREFRONT_20_HYGRAPH_LOCALES_18",
  "GC_STOREFRONT_20_HYGRAPH_LOCALES_19",
  "GC_STOREFRONT_20_HYGRAPH_LOCALES_20",
  "GC_STOREFRONT_20_LINGUI_LOCALE",
  "GC_STOREFRONT_20_LOCALE",
  "GC_STOREFRONT_20_MAGENTO_STORE_CODE",
  "GC_STOREFRONT_20_PERMISSIONS",
  "GC_STOREFRONT_20_PERMISSIONS_CART",
  "GC_STOREFRONT_20_PERMISSIONS_CHECKOUT",
  "GC_STOREFRONT_20_PERMISSIONS_CUSTOMER_ACCOUNT",
  "GC_STOREFRONT_20_PERMISSIONS_WEBSITE",
  "GC_STOREFRONT_20_ROBOTS_ALLOW",
  "GC_WISHLIST_HIDE_FOR_GUESTS",
  "GC_WISHLIST_SHOW_FEEDBACK_MESSAGE",
]
`;
